[INIT] MusicPlayerInit called
[SCAN] found: Cant Tell Me Nothing.mp3 -> title=Cant Tell Me Nothing artist=Artiste inconnu
[SCAN] found: JAY-Z, Kanye West - No Church In The Wild (ft. Frank Ocean, The-Dream).mp3 -> title=No Church In The Wild (ft. Frank Ocean, The-Dream) artist=JAY-Z, Kanye West
[SCAN] found: One Dance (feat. WizKid & Kyla) - Drake.mp3 -> title=Drake artist=One Dance (feat. WizKid & Kyla)
[SCAN] total tracks: 3
[SHOW] show=0
[INIT] MusicPlayerInit called
[SCAN] found: Cant Tell Me Nothing.mp3 -> title=Cant Tell Me Nothing artist=Artiste inconnu
[SCAN] found: JAY-Z, Kanye West - No Church In The Wild (ft. Frank Ocean, The-Dream).mp3 -> title=No Church In The Wild (ft. Frank Ocean, The-Dream) artist=JAY-Z, Kanye West
[SCAN] found: One Dance (feat. WizKid & Kyla) - Drake.mp3 -> title=Drake artist=One Dance (feat. WizKid & Kyla)
[SCAN] total tracks: 3
[SHOW] show=0
[SHOW] show=0
[SHOW] show=1
[SHOW] show=0
[SHOW] show=0
[SHOW] show=0
[SHOW] show=0
[SHOW] show=0
[SHOW] show=1
[SHOW] show=0
[SHOW] show=0
[SHOW] show=0
[SHOW] show=0
[SHOW] show=0
[SHOW] show=1
[SHOW] show=0
[SHOW] show=0
[SHOW] show=0
[SHOW] show=1
[PLAY] playing: C:\Users\hadri\Desktop\Delta\music\Cant Tell Me Nothing.mp3
[PLAY] MFPCreateMediaPlayer OK, playing
[PLAY] playing: C:\Users\hadri\Desktop\Delta\music\JAY-Z, Kanye West - No Church In The Wild (ft. Frank Ocean, The-Dream).mp3
[PLAY] MFPCreateMediaPlayer OK, playing
[CMD] id=5001 trackCount=3 isPlaying=1
[PLAY] playing: C:\Users\hadri\Desktop\Delta\music\Cant Tell Me Nothing.mp3
[PLAY] MFPCreateMediaPlayer OK, playing
[PLAY] playing: C:\Users\hadri\Desktop\Delta\music\One Dance (feat. WizKid & Kyla) - Drake.mp3
[PLAY] MFPCreateMediaPlayer OK, playing
[CMD] id=5001 trackCount=3 isPlaying=1
[CMD] id=5001 trackCount=3 isPlaying=0
[CMD] id=5001 trackCount=3 isPlaying=1
[SHOW] show=0
[SHOW] show=0
[SHOW] show=0
[SHOW] show=0
[SHOW] show=0
[SHOW] show=1
[SHOW] show=0
[SHOW] show=0
[INIT] MusicPlayerInit called
[SCAN] found: Cant Tell Me Nothing.mp3 -> title=Cant Tell Me Nothing artist=Artiste inconnu
[SCAN] found: JAY-Z, Kanye West - No Church In The Wild (ft. Frank Ocean, The-Dream).mp3 -> title=No Church In The Wild (ft. Frank Ocean, The-Dream) artist=JAY-Z, Kanye West
[SCAN] found: One Dance (feat. WizKid & Kyla) - Drake.mp3 -> title=Drake artist=One Dance (feat. WizKid & Kyla)
[SCAN] total tracks: 3
[SHOW] show=0
[INIT] MusicPlayerInit called
[SCAN] found: Cant Tell Me Nothing.mp3 -> title=Cant Tell Me Nothing artist=Artiste inconnu
[SCAN] found: JAY-Z, Kanye West - No Church In The Wild (ft. Frank Ocean, The-Dream).mp3 -> title=No Church In The Wild (ft. Frank Ocean, The-Dream) artist=JAY-Z, Kanye West
[SCAN] found: One Dance (feat. WizKid & Kyla) - Drake.mp3 -> title=Drake artist=One Dance (feat. WizKid & Kyla)
[SCAN] total tracks: 3
[SHOW] show=0
[INIT] MusicPlayerInit called
[SCAN] found: Cant Tell Me Nothing.mp3 -> title=Cant Tell Me Nothing artist=Artiste inconnu
[SCAN] found: JAY-Z, Kanye West - No Church In The Wild (ft. Frank Ocean, The-Dream).mp3 -> title=No Church In The Wild (ft. Frank Ocean, The-Dream) artist=JAY-Z, Kanye West
[SCAN] found: One Dance (feat. WizKid & Kyla) - Drake.mp3 -> title=Drake artist=One Dance (feat. WizKid & Kyla)
[SCAN] total tracks: 3
[SHOW] show=0
[INIT] MusicPlayerInit called
[SCAN] found: Cant Tell Me Nothing.mp3 -> title=Cant Tell Me Nothing artist=Artiste inconnu
[SCAN] found: JAY-Z, Kanye West - No Church In The Wild (ft. Frank Ocean, The-Dream).mp3 -> title=No Church In The Wild (ft. Frank Ocean, The-Dream) artist=JAY-Z, Kanye West
[SCAN] found: One Dance (feat. WizKid & Kyla) - Drake.mp3 -> title=Drake artist=One Dance (feat. WizKid & Kyla)
[SCAN] total tracks: 3
[SHOW] show=0
[SHOW] show=0
[SHOW] show=1
[INIT] MusicPlayerInit called
[SCAN] found: Cant Tell Me Nothing.mp3 -> title=Cant Tell Me Nothing artist=Artiste inconnu
[SCAN] found: JAY-Z, Kanye West - No Church In The Wild (ft. Frank Ocean, The-Dream).mp3 -> title=No Church In The Wild (ft. Frank Ocean, The-Dream) artist=JAY-Z, Kanye West
[SCAN] found: One Dance (feat. WizKid & Kyla) - Drake.mp3 -> title=Drake artist=One Dance (feat. WizKid & Kyla)
[SCAN] total tracks: 3
[SHOW] show=0
[SHOW] show=0
[SHOW] show=1
[INIT] MusicPlayerInit called
[SCAN] found: Cant Tell Me Nothing.mp3 -> title=Cant Tell Me Nothing artist=Artiste inconnu
[SCAN] found: JAY-Z, Kanye West - No Church In The Wild (ft. Frank Ocean, The-Dream).mp3 -> title=No Church In The Wild (ft. Frank Ocean, The-Dream) artist=JAY-Z, Kanye West
[SCAN] found: One Dance (feat. WizKid & Kyla) - Drake.mp3 -> title=Drake artist=One Dance (feat. WizKid & Kyla)
[SCAN] total tracks: 3
[SHOW] show=0
[SHOW] show=0
[SHOW] show=1
[INIT] MusicPlayerInit called
[SCAN] found: Cant Tell Me Nothing.mp3 -> title=Cant Tell Me Nothing artist=Artiste inconnu
[SCAN] found: JAY-Z, Kanye West - No Church In The Wild (ft. Frank Ocean, The-Dream).mp3 -> title=No Church In The Wild (ft. Frank Ocean, The-Dream) artist=JAY-Z, Kanye West
[SCAN] found: One Dance (feat. WizKid & Kyla) - Drake.mp3 -> title=Drake artist=One Dance (feat. WizKid & Kyla)
[SCAN] total tracks: 3
[SHOW] show=0
[INIT] MusicPlayerInit called
[SCAN] found: Cant Tell Me Nothing.mp3 -> title=Cant Tell Me Nothing artist=Artiste inconnu
[SCAN] found: JAY-Z, Kanye West - No Church In The Wild (ft. Frank Ocean, The-Dream).mp3 -> title=No Church In The Wild (ft. Frank Ocean, The-Dream) artist=JAY-Z, Kanye West
[SCAN] found: One Dance (feat. WizKid & Kyla) - Drake.mp3 -> title=Drake artist=One Dance (feat. WizKid & Kyla)
[SCAN] total tracks: 3
[SHOW] show=0
[SHOW] show=0
[SHOW] show=1
[SHOW] show=0
[SHOW] show=0
[SHOW] show=0
[SHOW] show=1
[SHOW] show=0
[SHOW] show=0
[INIT] MusicPlayerInit called
[SCAN] found: Cant Tell Me Nothing.mp3 -> title=Cant Tell Me Nothing artist=Artiste inconnu
[SCAN] found: JAY-Z, Kanye West - No Church In The Wild (ft. Frank Ocean, The-Dream).mp3 -> title=No Church In The Wild (ft. Frank Ocean, The-Dream) artist=JAY-Z, Kanye West
[SCAN] found: One Dance (feat. WizKid & Kyla) - Drake.mp3 -> title=Drake artist=One Dance (feat. WizKid & Kyla)
[SCAN] total tracks: 3
[SHOW] show=0
[SHOW] show=0
[SHOW] show=1
[INIT] MusicPlayerInit called
[SCAN] found: Cant Tell Me Nothing.mp3 -> title=Cant Tell Me Nothing artist=Artiste inconnu
[SCAN] found: JAY-Z, Kanye West - No Church In The Wild (ft. Frank Ocean, The-Dream).mp3 -> title=No Church In The Wild (ft. Frank Ocean, The-Dream) artist=JAY-Z, Kanye West
[SCAN] found: One Dance (feat. WizKid & Kyla) - Drake.mp3 -> title=Drake artist=One Dance (feat. WizKid & Kyla)
[SCAN] total tracks: 3
[SHOW] show=0
[SHOW] show=0
[SHOW] show=1
[SHOW] show=0
[SHOW] show=0
[INIT] MusicPlayerInit called
[SCAN] found: Cant Tell Me Nothing.mp3 -> title=Cant Tell Me Nothing artist=Artiste inconnu
[SCAN] found: JAY-Z, Kanye West - No Church In The Wild (ft. Frank Ocean, The-Dream).mp3 -> title=No Church In The Wild (ft. Frank Ocean, The-Dream) artist=JAY-Z, Kanye West
[SCAN] found: One Dance (feat. WizKid & Kyla) - Drake.mp3 -> title=Drake artist=One Dance (feat. WizKid & Kyla)
[SCAN] total tracks: 3
[SHOW] show=0
[SHOW] show=0
[SHOW] show=0
[SHOW] show=0
[SHOW] show=0
[SHOW] show=0
[SHOW] show=1
[PLAY] playing: C:\Users\hadri\Desktop\Delta\music\JAY-Z, Kanye West - No Church In The Wild (ft. Frank Ocean, The-Dream).mp3
[PLAY] MFPCreateMediaPlayer OK, playing
[PLAY] playing: C:\Users\hadri\Desktop\Delta\music\JAY-Z, Kanye West - No Church In The Wild (ft. Frank Ocean, The-Dream).mp3
[PLAY] MFPCreateMediaPlayer OK, playing
[SHOW] show=0
[SHOW] show=0
[INIT] MusicPlayerInit called
[SCAN] found: Cant Tell Me Nothing.mp3 -> title=Cant Tell Me Nothing artist=Artiste inconnu
[SCAN] found: Dido - Thank You.mp3 -> title=Thank You artist=Dido
[SCAN] found: JAY-Z, Kanye West - No Church In The Wild (ft. Frank Ocean, The-Dream).mp3 -> title=No Church In The Wild (ft. Frank Ocean, The-Dream) artist=JAY-Z, Kanye West
[SCAN] found: Kansas - Carry On Wayward Son.mp3 -> title=Carry On Wayward Son artist=Kansas
[SCAN] found: Linkin Park - In The End.mp3 -> title=In The End artist=Linkin Park
[SCAN] found: One Dance (feat. WizKid & Kyla) - Drake.mp3 -> title=Drake artist=One Dance (feat. WizKid & Kyla)
[SCAN] found: The Police - Every Breath You Take.mp3 -> title=Every Breath You Take artist=The Police
[SCAN] total tracks: 7
[SHOW] show=0
[SHOW] show=0
[SHOW] show=1
[SHOW] show=0
[SHOW] show=0
[INIT] MusicPlayerInit called
[SCAN] found: Cant Tell Me Nothing.mp3 -> title=Cant Tell Me Nothing artist=Artiste inconnu
[SCAN] found: Dido - Thank You.mp3 -> title=Thank You artist=Dido
[SCAN] found: JAY-Z, Kanye West - No Church In The Wild (ft. Frank Ocean, The-Dream).mp3 -> title=No Church In The Wild (ft. Frank Ocean, The-Dream) artist=JAY-Z, Kanye West
[SCAN] found: Kansas - Carry On Wayward Son.mp3 -> title=Carry On Wayward Son artist=Kansas
[SCAN] found: Linkin Park - In The End.mp3 -> title=In The End artist=Linkin Park
[SCAN] found: One Dance (feat. WizKid & Kyla) - Drake.mp3 -> title=Drake artist=One Dance (feat. WizKid & Kyla)
[SCAN] found: The Police - Every Breath You Take.mp3 -> title=Every Breath You Take artist=The Police
[SCAN] total tracks: 7
[SHOW] show=0
[INIT] MusicPlayerInit called
[SCAN] found: Cant Tell Me Nothing.mp3 -> title=Cant Tell Me Nothing artist=Artiste inconnu
[SCAN] found: Dido - Thank You.mp3 -> title=Thank You artist=Dido
[SCAN] found: JAY-Z, Kanye West - No Church In The Wild (ft. Frank Ocean, The-Dream).mp3 -> title=No Church In The Wild (ft. Frank Ocean, The-Dream) artist=JAY-Z, Kanye West
[SCAN] found: Kansas - Carry On Wayward Son.mp3 -> title=Carry On Wayward Son artist=Kansas
[SCAN] found: Linkin Park - In The End.mp3 -> title=In The End artist=Linkin Park
[SCAN] found: One Dance (feat. WizKid & Kyla) - Drake.mp3 -> title=Drake artist=One Dance (feat. WizKid & Kyla)
[SCAN] found: The Police - Every Breath You Take.mp3 -> title=Every Breath You Take artist=The Police
[SCAN] total tracks: 7
[SHOW] show=0
[SHOW] show=0
[SHOW] show=0
[SHOW] show=0
[SHOW] show=1
[SHOW] show=0
[SHOW] show=0
[SHOW] show=0
[SHOW] show=1
[PLAY] playing: C:\Users\hadri\Desktop\Delta\music\Cant Tell Me Nothing.mp3
[PLAY] MFPCreateMediaPlayer OK, playing
[CMD] id=5001 trackCount=7 isPlaying=1
[SHOW] show=0
[SHOW] show=0
[INIT] MusicPlayerInit called
[SCAN] found: Cant Tell Me Nothing.mp3 -> title=Cant Tell Me Nothing artist=Artiste inconnu
[SCAN] found: Dido - Thank You.mp3 -> title=Thank You artist=Dido
[SCAN] found: JAY-Z, Kanye West - No Church In The Wild (ft. Frank Ocean, The-Dream).mp3 -> title=No Church In The Wild (ft. Frank Ocean, The-Dream) artist=JAY-Z, Kanye West
[SCAN] found: Kansas - Carry On Wayward Son.mp3 -> title=Carry On Wayward Son artist=Kansas
[SCAN] found: Linkin Park - In The End.mp3 -> title=In The End artist=Linkin Park
[SCAN] found: One Dance (feat. WizKid & Kyla) - Drake.mp3 -> title=Drake artist=One Dance (feat. WizKid & Kyla)
[SCAN] found: The Police - Every Breath You Take.mp3 -> title=Every Breath You Take artist=The Police
[SCAN] total tracks: 7
[SHOW] show=0
[SHOW] show=0
[SHOW] show=1
[INIT] MusicPlayerInit called
[SCAN] found: Cant Tell Me Nothing.mp3 -> title=Cant Tell Me Nothing artist=Artiste inconnu
[SCAN] found: Dido - Thank You.mp3 -> title=Thank You artist=Dido
[SCAN] found: JAY-Z, Kanye West - No Church In The Wild (ft. Frank Ocean, The-Dream).mp3 -> title=No Church In The Wild (ft. Frank Ocean, The-Dream) artist=JAY-Z, Kanye West
[SCAN] found: Kansas - Carry On Wayward Son.mp3 -> title=Carry On Wayward Son artist=Kansas
[SCAN] found: Linkin Park - In The End.mp3 -> title=In The End artist=Linkin Park
[SCAN] found: One Dance (feat. WizKid & Kyla) - Drake.mp3 -> title=Drake artist=One Dance (feat. WizKid & Kyla)
[SCAN] found: The Police - Every Breath You Take.mp3 -> title=Every Breath You Take artist=The Police
[SCAN] total tracks: 7
[SHOW] show=0
[INIT] MusicPlayerInit called
[SCAN] found: Cant Tell Me Nothing.mp3 -> title=Cant Tell Me Nothing artist=Artiste inconnu
[SCAN] found: Dido - Thank You.mp3 -> title=Thank You artist=Dido
[SCAN] found: JAY-Z, Kanye West - No Church In The Wild (ft. Frank Ocean, The-Dream).mp3 -> title=No Church In The Wild (ft. Frank Ocean, The-Dream) artist=JAY-Z, Kanye West
[SCAN] found: Kansas - Carry On Wayward Son.mp3 -> title=Carry On Wayward Son artist=Kansas
[SCAN] found: Linkin Park - In The End.mp3 -> title=In The End artist=Linkin Park
[SCAN] found: One Dance (feat. WizKid & Kyla) - Drake.mp3 -> title=Drake artist=One Dance (feat. WizKid & Kyla)
[SCAN] found: The Police - Every Breath You Take.mp3 -> title=Every Breath You Take artist=The Police
[SCAN] total tracks: 7
[SHOW] show=0
[SHOW] show=0
[SHOW] show=1
[SHOW] show=0
[SHOW] show=0
[SHOW] show=0
[SHOW] show=1
[SHOW] show=0
[SHOW] show=0
[SHOW] show=0
[SHOW] show=0
[SHOW] show=0
[SHOW] show=1
[SHOW] show=0
[SHOW] show=0
[INIT] MusicPlayerInit called
[SCAN] found: Cant Tell Me Nothing.mp3 -> title=Cant Tell Me Nothing artist=Artiste inconnu
[SCAN] found: Dido - Thank You.mp3 -> title=Thank You artist=Dido
[SCAN] found: JAY-Z, Kanye West - No Church In The Wild (ft. Frank Ocean, The-Dream).mp3 -> title=No Church In The Wild (ft. Frank Ocean, The-Dream) artist=JAY-Z, Kanye West
[SCAN] found: Kansas - Carry On Wayward Son.mp3 -> title=Carry On Wayward Son artist=Kansas
[SCAN] found: Linkin Park - In The End.mp3 -> title=In The End artist=Linkin Park
[SCAN] found: One Dance (feat. WizKid & Kyla) - Drake.mp3 -> title=Drake artist=One Dance (feat. WizKid & Kyla)
[SCAN] found: The Police - Every Breath You Take.mp3 -> title=Every Breath You Take artist=The Police
[SCAN] total tracks: 7
[SHOW] show=0
[SHOW] show=0
[SHOW] show=1
[SHOW] show=0
[SHOW] show=0
[SHOW] show=0
[SHOW] show=1
[SHOW] show=0
[SHOW] show=0
[SHOW] show=0
[SHOW] show=1
[SHOW] show=0
[SHOW] show=0
[SHOW] show=0
[SHOW] show=1
[PLAY] playing: C:\Users\hadri\Desktop\Delta\music\Cant Tell Me Nothing.mp3
[PLAY] MFPCreateMediaPlayer OK, playing
[SHOW] show=0
[SHOW] show=0
[SHOW] show=0
[SHOW] show=1
[SHOW] show=0
[SHOW] show=0
[SHOW] show=0
[SHOW] show=1
[SHOW] show=0
[SHOW] show=0
[SHOW] show=0
[SHOW] show=1
[SHOW] show=0
[SHOW] show=0
[INIT] MusicPlayerInit called
[SCAN] found: Cant Tell Me Nothing.mp3 -> title=Cant Tell Me Nothing artist=Artiste inconnu
[SCAN] found: Dido - Thank You.mp3 -> title=Thank You artist=Dido
[SCAN] found: JAY-Z, Kanye West - No Church In The Wild (ft. Frank Ocean, The-Dream).mp3 -> title=No Church In The Wild (ft. Frank Ocean, The-Dream) artist=JAY-Z, Kanye West
[SCAN] found: Kansas - Carry On Wayward Son.mp3 -> title=Carry On Wayward Son artist=Kansas
[SCAN] found: Linkin Park - In The End.mp3 -> title=In The End artist=Linkin Park
[SCAN] found: One Dance (feat. WizKid & Kyla) - Drake.mp3 -> title=Drake artist=One Dance (feat. WizKid & Kyla)
[SCAN] found: The Police - Every Breath You Take.mp3 -> title=Every Breath You Take artist=The Police
[SCAN] total tracks: 7
[SHOW] show=0
[SHOW] show=0
[SHOW] show=1
[SHOW] show=0
[SHOW] show=0
[SHOW] show=0
[SHOW] show=1
[SHOW] show=0
[SHOW] show=0
[INIT] MusicPlayerInit called
[SCAN] found: Cant Tell Me Nothing.mp3 -> title=Cant Tell Me Nothing artist=Artiste inconnu
[SCAN] found: Dido - Thank You.mp3 -> title=Thank You artist=Dido
[SCAN] found: JAY-Z, Kanye West - No Church In The Wild (ft. Frank Ocean, The-Dream).mp3 -> title=No Church In The Wild (ft. Frank Ocean, The-Dream) artist=JAY-Z, Kanye West
[SCAN] found: Kansas - Carry On Wayward Son.mp3 -> title=Carry On Wayward Son artist=Kansas
[SCAN] found: Linkin Park - In The End.mp3 -> title=In The End artist=Linkin Park
[SCAN] found: One Dance (feat. WizKid & Kyla) - Drake.mp3 -> title=Drake artist=One Dance (feat. WizKid & Kyla)
[SCAN] found: The Police - Every Breath You Take.mp3 -> title=Every Breath You Take artist=The Police
[SCAN] total tracks: 7
[SHOW] show=0
[SHOW] show=0
[SHOW] show=0
[SHOW] show=0
[SHOW] show=1
[SHOW] show=0
[SHOW] show=0
[SHOW] show=0
[SHOW] show=0
[INIT] MusicPlayerInit called
[SCAN] found: Cant Tell Me Nothing.mp3 -> title=Cant Tell Me Nothing artist=Artiste inconnu
[SCAN] found: Dido - Thank You.mp3 -> title=Thank You artist=Dido
[SCAN] found: JAY-Z, Kanye West - No Church In The Wild (ft. Frank Ocean, The-Dream).mp3 -> title=No Church In The Wild (ft. Frank Ocean, The-Dream) artist=JAY-Z, Kanye West
[SCAN] found: Kansas - Carry On Wayward Son.mp3 -> title=Carry On Wayward Son artist=Kansas
[SCAN] found: Linkin Park - In The End.mp3 -> title=In The End artist=Linkin Park
[SCAN] found: One Dance (feat. WizKid & Kyla) - Drake.mp3 -> title=Drake artist=One Dance (feat. WizKid & Kyla)
[SCAN] found: The Police - Every Breath You Take.mp3 -> title=Every Breath You Take artist=The Police
[SCAN] total tracks: 7
[SHOW] show=0
[SHOW] show=0
[INIT] MusicPlayerInit called
[SCAN] found: Cant Tell Me Nothing.mp3 -> title=Cant Tell Me Nothing artist=Artiste inconnu
[SCAN] found: Dido - Thank You.mp3 -> title=Thank You artist=Dido
[SCAN] found: JAY-Z, Kanye West - No Church In The Wild (ft. Frank Ocean, The-Dream).mp3 -> title=No Church In The Wild (ft. Frank Ocean, The-Dream) artist=JAY-Z, Kanye West
[SCAN] found: Kansas - Carry On Wayward Son.mp3 -> title=Carry On Wayward Son artist=Kansas
[SCAN] found: Linkin Park - In The End.mp3 -> title=In The End artist=Linkin Park
[SCAN] found: One Dance (feat. WizKid & Kyla) - Drake.mp3 -> title=Drake artist=One Dance (feat. WizKid & Kyla)
[SCAN] found: The Police - Every Breath You Take.mp3 -> title=Every Breath You Take artist=The Police
[SCAN] total tracks: 7
[SHOW] show=0
[INIT] MusicPlayerInit called
[SCAN] found: Cant Tell Me Nothing.mp3 -> title=Cant Tell Me Nothing artist=Artiste inconnu
[SCAN] found: Dido - Thank You.mp3 -> title=Thank You artist=Dido
[SCAN] found: JAY-Z, Kanye West - No Church In The Wild (ft. Frank Ocean, The-Dream).mp3 -> title=No Church In The Wild (ft. Frank Ocean, The-Dream) artist=JAY-Z, Kanye West
[SCAN] found: Kansas - Carry On Wayward Son.mp3 -> title=Carry On Wayward Son artist=Kansas
[SCAN] found: Linkin Park - In The End.mp3 -> title=In The End artist=Linkin Park
[SCAN] found: One Dance (feat. WizKid & Kyla) - Drake.mp3 -> title=Drake artist=One Dance (feat. WizKid & Kyla)
[SCAN] found: The Police - Every Breath You Take.mp3 -> title=Every Breath You Take artist=The Police
[SCAN] total tracks: 7
[SHOW] show=0
[INIT] MusicPlayerInit called
[SCAN] found: Cant Tell Me Nothing.mp3 -> title=Cant Tell Me Nothing artist=Artiste inconnu
[SCAN] found: Dido - Thank You.mp3 -> title=Thank You artist=Dido
[SCAN] found: JAY-Z, Kanye West - No Church In The Wild (ft. Frank Ocean, The-Dream).mp3 -> title=No Church In The Wild (ft. Frank Ocean, The-Dream) artist=JAY-Z, Kanye West
[SCAN] found: Kansas - Carry On Wayward Son.mp3 -> title=Carry On Wayward Son artist=Kansas
[SCAN] found: Linkin Park - In The End.mp3 -> title=In The End artist=Linkin Park
[SCAN] found: One Dance (feat. WizKid & Kyla) - Drake.mp3 -> title=Drake artist=One Dance (feat. WizKid & Kyla)
[SCAN] found: The Police - Every Breath You Take.mp3 -> title=Every Breath You Take artist=The Police
[SCAN] total tracks: 7
[SHOW] show=0
[SHOW] show=0
[SHOW] show=0
[SHOW] show=0
[SHOW] show=1
[PLAY] playing: C:\Users\hadri\Desktop\Delta\music\Dido - Thank You.mp3
[PLAY] MFPCreateMediaPlayer OK, playing
[PLAY] playing: C:\Users\hadri\Desktop\Delta\music\JAY-Z, Kanye West - No Church In The Wild (ft. Frank Ocean, The-Dream).mp3
[PLAY] MFPCreateMediaPlayer OK, playing
[PLAY] playing: C:\Users\hadri\Desktop\Delta\music\JAY-Z, Kanye West - No Church In The Wild (ft. Frank Ocean, The-Dream).mp3
[PLAY] MFPCreateMediaPlayer OK, playing
[CMD] id=5001 trackCount=7 isPlaying=1
[SHOW] show=0
[SHOW] show=0
[INIT] MusicPlayerInit called
[SCAN] found: Cant Tell Me Nothing.mp3 -> title=Cant Tell Me Nothing artist=Artiste inconnu
[SCAN] found: Dido - Thank You.mp3 -> title=Thank You artist=Dido
[SCAN] found: JAY-Z, Kanye West - No Church In The Wild (ft. Frank Ocean, The-Dream).mp3 -> title=No Church In The Wild (ft. Frank Ocean, The-Dream) artist=JAY-Z, Kanye West
[SCAN] found: Kansas - Carry On Wayward Son.mp3 -> title=Carry On Wayward Son artist=Kansas
[SCAN] found: Linkin Park - In The End.mp3 -> title=In The End artist=Linkin Park
[SCAN] found: One Dance (feat. WizKid & Kyla) - Drake.mp3 -> title=Drake artist=One Dance (feat. WizKid & Kyla)
[SCAN] found: The Police - Every Breath You Take.mp3 -> title=Every Breath You Take artist=The Police
[SCAN] total tracks: 7
[SHOW] show=0
[SHOW] show=0
[SHOW] show=1
[PLAY] playing: C:\Users\hadri\Desktop\Delta\music\Dido - Thank You.mp3
[PLAY] MFPCreateMediaPlayer OK, playing
[PLAY] playing: C:\Users\hadri\Desktop\Delta\music\JAY-Z, Kanye West - No Church In The Wild (ft. Frank Ocean, The-Dream).mp3
[PLAY] MFPCreateMediaPlayer OK, playing
[SHOW] show=0
[SHOW] show=0
[SHOW] show=0
[SHOW] show=0
[SHOW] show=0
[SHOW] show=1
[SHOW] show=0
[SHOW] show=0
[SHOW] show=0
[SHOW] show=1
[CMD] id=5002 trackCount=7 isPlaying=1
[PLAY] playing: C:\Users\hadri\Desktop\Delta\music\Kansas - Carry On Wayward Son.mp3
[PLAY] MFPCreateMediaPlayer OK, playing
[SHOW] show=0
[SHOW] show=0
[SHOW] show=0
[SHOW] show=0
[SHOW] show=0
[SHOW] show=0
[INIT] MusicPlayerInit called
[SCAN] found: Cant Tell Me Nothing.mp3 -> title=Cant Tell Me Nothing artist=Artiste inconnu
[SCAN] found: Dido - Thank You.mp3 -> title=Thank You artist=Dido
[SCAN] found: JAY-Z, Kanye West - No Church In The Wild (ft. Frank Ocean, The-Dream).mp3 -> title=No Church In The Wild (ft. Frank Ocean, The-Dream) artist=JAY-Z, Kanye West
[SCAN] found: Kansas - Carry On Wayward Son.mp3 -> title=Carry On Wayward Son artist=Kansas
[SCAN] found: Linkin Park - In The End.mp3 -> title=In The End artist=Linkin Park
[SCAN] found: One Dance (feat. WizKid & Kyla) - Drake.mp3 -> title=Drake artist=One Dance (feat. WizKid & Kyla)
[SCAN] found: The Police - Every Breath You Take.mp3 -> title=Every Breath You Take artist=The Police
[SCAN] total tracks: 7
[SHOW] show=0
[SHOW] show=0
[SHOW] show=1
[PLAY] playing: C:\Users\hadri\Desktop\Delta\music\Kansas - Carry On Wayward Son.mp3
[PLAY] MFPCreateMediaPlayer OK, playing
[SHOW] show=0
[SHOW] show=0
[SHOW] show=0
[SHOW] show=0
[INIT] MusicPlayerInit called
[SCAN] found: Cant Tell Me Nothing.mp3 -> title=Cant Tell Me Nothing artist=Artiste inconnu
[SCAN] found: Dido - Thank You.mp3 -> title=Thank You artist=Dido
[SCAN] found: JAY-Z, Kanye West - No Church In The Wild (ft. Frank Ocean, The-Dream).mp3 -> title=No Church In The Wild (ft. Frank Ocean, The-Dream) artist=JAY-Z, Kanye West
[SCAN] found: Kansas - Carry On Wayward Son.mp3 -> title=Carry On Wayward Son artist=Kansas
[SCAN] found: Linkin Park - In The End.mp3 -> title=In The End artist=Linkin Park
[SCAN] found: One Dance (feat. WizKid & Kyla) - Drake.mp3 -> title=Drake artist=One Dance (feat. WizKid & Kyla)
[SCAN] found: The Police - Every Breath You Take.mp3 -> title=Every Breath You Take artist=The Police
[SCAN] total tracks: 7
[SHOW] show=0
[SHOW] show=0
[SHOW] show=1
[CMD] id=5001 trackCount=7 isPlaying=0
[PLAY] playing: C:\Users\hadri\Desktop\Delta\music\Cant Tell Me Nothing.mp3
[PLAY] MFPCreateMediaPlayer OK, playing
[PLAY] playing: C:\Users\hadri\Desktop\Delta\music\JAY-Z, Kanye West - No Church In The Wild (ft. Frank Ocean, The-Dream).mp3
[PLAY] MFPCreateMediaPlayer OK, playing
[SHOW] show=0
[SHOW] show=0
[SHOW] show=0
[SHOW] show=0
[SHOW] show=0
[SHOW] show=1
[CMD] id=5001 trackCount=7 isPlaying=1
[SHOW] show=0
[SHOW] show=0
[SHOW] show=0
[INIT] MusicPlayerInit called
[SCAN] found: Cant Tell Me Nothing.mp3 -> title=Cant Tell Me Nothing artist=Artiste inconnu
[SCAN] found: Dido - Thank You.mp3 -> title=Thank You artist=Dido
[SCAN] found: JAY-Z, Kanye West - No Church In The Wild (ft. Frank Ocean, The-Dream).mp3 -> title=No Church In The Wild (ft. Frank Ocean, The-Dream) artist=JAY-Z, Kanye West
[SCAN] found: Kansas - Carry On Wayward Son.mp3 -> title=Carry On Wayward Son artist=Kansas
[SCAN] found: Linkin Park - In The End.mp3 -> title=In The End artist=Linkin Park
[SCAN] found: One Dance (feat. WizKid & Kyla) - Drake.mp3 -> title=Drake artist=One Dance (feat. WizKid & Kyla)
[SCAN] found: The Police - Every Breath You Take.mp3 -> title=Every Breath You Take artist=The Police
[SCAN] total tracks: 7
[SHOW] show=0
[SHOW] show=0
[INIT] MusicPlayerInit called
[SCAN] found: Cant Tell Me Nothing.mp3 -> title=Cant Tell Me Nothing artist=Artiste inconnu
[SCAN] found: Dido - Thank You.mp3 -> title=Thank You artist=Dido
[SCAN] found: JAY-Z, Kanye West - No Church In The Wild (ft. Frank Ocean, The-Dream).mp3 -> title=No Church In The Wild (ft. Frank Ocean, The-Dream) artist=JAY-Z, Kanye West
[SCAN] found: Kansas - Carry On Wayward Son.mp3 -> title=Carry On Wayward Son artist=Kansas
[SCAN] found: Linkin Park - In The End.mp3 -> title=In The End artist=Linkin Park
[SCAN] found: One Dance (feat. WizKid & Kyla) - Drake.mp3 -> title=Drake artist=One Dance (feat. WizKid & Kyla)
[SCAN] found: The Police - Every Breath You Take.mp3 -> title=Every Breath You Take artist=The Police
[SCAN] total tracks: 7
[SHOW] show=0
[SHOW] show=0
[SHOW] show=0
[INIT] MusicPlayerInit called
[SCAN] found: Cant Tell Me Nothing.mp3 -> title=Cant Tell Me Nothing artist=Artiste inconnu
[SCAN] found: Dido - Thank You.mp3 -> title=Thank You artist=Dido
[SCAN] found: JAY-Z, Kanye West - No Church In The Wild (ft. Frank Ocean, The-Dream).mp3 -> title=No Church In The Wild (ft. Frank Ocean, The-Dream) artist=JAY-Z, Kanye West
[SCAN] found: Kansas - Carry On Wayward Son.mp3 -> title=Carry On Wayward Son artist=Kansas
[SCAN] found: Linkin Park - In The End.mp3 -> title=In The End artist=Linkin Park
[SCAN] found: One Dance (feat. WizKid & Kyla) - Drake.mp3 -> title=Drake artist=One Dance (feat. WizKid & Kyla)
[SCAN] found: The Police - Every Breath You Take.mp3 -> title=Every Breath You Take artist=The Police
[SCAN] total tracks: 7
[SHOW] show=0
[SHOW] show=0
[INIT] MusicPlayerInit called
[SCAN] found: Cant Tell Me Nothing.mp3 -> title=Cant Tell Me Nothing artist=Artiste inconnu
[SCAN] found: Dido - Thank You.mp3 -> title=Thank You artist=Dido
[SCAN] found: JAY-Z, Kanye West - No Church In The Wild (ft. Frank Ocean, The-Dream).mp3 -> title=No Church In The Wild (ft. Frank Ocean, The-Dream) artist=JAY-Z, Kanye West
[SCAN] found: Kansas - Carry On Wayward Son.mp3 -> title=Carry On Wayward Son artist=Kansas
[SCAN] found: Linkin Park - In The End.mp3 -> title=In The End artist=Linkin Park
[SCAN] found: One Dance (feat. WizKid & Kyla) - Drake.mp3 -> title=Drake artist=One Dance (feat. WizKid & Kyla)
[SCAN] found: The Police - Every Breath You Take.mp3 -> title=Every Breath You Take artist=The Police
[SCAN] total tracks: 7
[SHOW] show=0
[SHOW] show=0
[SHOW] show=0
[SHOW] show=0
[SHOW] show=1
[SHOW] show=0
[SHOW] show=0
[INIT] MusicPlayerInit called
[SCAN] found: Cant Tell Me Nothing.mp3 -> title=Cant Tell Me Nothing artist=Artiste inconnu
[SCAN] found: Dido - Thank You.mp3 -> title=Thank You artist=Dido
[SCAN] found: JAY-Z, Kanye West - No Church In The Wild (ft. Frank Ocean, The-Dream).mp3 -> title=No Church In The Wild (ft. Frank Ocean, The-Dream) artist=JAY-Z, Kanye West
[SCAN] found: Kansas - Carry On Wayward Son.mp3 -> title=Carry On Wayward Son artist=Kansas
[SCAN] found: Linkin Park - In The End.mp3 -> title=In The End artist=Linkin Park
[SCAN] found: One Dance (feat. WizKid & Kyla) - Drake.mp3 -> title=Drake artist=One Dance (feat. WizKid & Kyla)
[SCAN] found: The Police - Every Breath You Take.mp3 -> title=Every Breath You Take artist=The Police
[SCAN] total tracks: 7
[SHOW] show=0
[SHOW] show=0
[SHOW] show=0
[SHOW] show=0
[SHOW] show=1
[SHOW] show=0
[SHOW] show=0
[INIT] MusicPlayerInit called
[SCAN] found: Cant Tell Me Nothing.mp3 -> title=Cant Tell Me Nothing artist=Artiste inconnu
[SCAN] found: Dido - Thank You.mp3 -> title=Thank You artist=Dido
[SCAN] found: JAY-Z, Kanye West - No Church In The Wild (ft. Frank Ocean, The-Dream).mp3 -> title=No Church In The Wild (ft. Frank Ocean, The-Dream) artist=JAY-Z, Kanye West
[SCAN] found: Kansas - Carry On Wayward Son.mp3 -> title=Carry On Wayward Son artist=Kansas
[SCAN] found: Linkin Park - In The End.mp3 -> title=In The End artist=Linkin Park
[SCAN] found: One Dance (feat. WizKid & Kyla) - Drake.mp3 -> title=Drake artist=One Dance (feat. WizKid & Kyla)
[SCAN] found: The Police - Every Breath You Take.mp3 -> title=Every Breath You Take artist=The Police
[SCAN] total tracks: 7
[SHOW] show=0
[SHOW] show=0
[INIT] MusicPlayerInit called
[SCAN] found: Cant Tell Me Nothing.mp3 -> title=Cant Tell Me Nothing artist=Artiste inconnu
[SCAN] found: Dido - Thank You.mp3 -> title=Thank You artist=Dido
[SCAN] found: JAY-Z, Kanye West - No Church In The Wild (ft. Frank Ocean, The-Dream).mp3 -> title=No Church In The Wild (ft. Frank Ocean, The-Dream) artist=JAY-Z, Kanye West
[SCAN] found: Kansas - Carry On Wayward Son.mp3 -> title=Carry On Wayward Son artist=Kansas
[SCAN] found: Linkin Park - In The End.mp3 -> title=In The End artist=Linkin Park
[SCAN] found: One Dance (feat. WizKid & Kyla) - Drake.mp3 -> title=Drake artist=One Dance (feat. WizKid & Kyla)
[SCAN] found: The Police - Every Breath You Take.mp3 -> title=Every Breath You Take artist=The Police
[SCAN] total tracks: 7
[SHOW] show=0
[SHOW] show=0
[SHOW] show=0
[INIT] MusicPlayerInit called
[SCAN] found: Cant Tell Me Nothing.mp3 -> title=Cant Tell Me Nothing artist=Artiste inconnu
[SCAN] found: Dido - Thank You.mp3 -> title=Thank You artist=Dido
[SCAN] found: JAY-Z, Kanye West - No Church In The Wild (ft. Frank Ocean, The-Dream).mp3 -> title=No Church In The Wild (ft. Frank Ocean, The-Dream) artist=JAY-Z, Kanye West
[SCAN] found: Kansas - Carry On Wayward Son.mp3 -> title=Carry On Wayward Son artist=Kansas
[SCAN] found: Linkin Park - In The End.mp3 -> title=In The End artist=Linkin Park
[SCAN] found: One Dance (feat. WizKid & Kyla) - Drake.mp3 -> title=Drake artist=One Dance (feat. WizKid & Kyla)
[SCAN] found: The Police - Every Breath You Take.mp3 -> title=Every Breath You Take artist=The Police
[SCAN] total tracks: 7
[SHOW] show=0
[SHOW] show=0
[SHOW] show=0
[SHOW] show=0
[SHOW] show=0
[INIT] MusicPlayerInit called
[SCAN] found: Cant Tell Me Nothing.mp3 -> title=Cant Tell Me Nothing artist=Artiste inconnu
[SCAN] found: Dido - Thank You.mp3 -> title=Thank You artist=Dido
[SCAN] found: JAY-Z, Kanye West - No Church In The Wild (ft. Frank Ocean, The-Dream).mp3 -> title=No Church In The Wild (ft. Frank Ocean, The-Dream) artist=JAY-Z, Kanye West
[SCAN] found: Kansas - Carry On Wayward Son.mp3 -> title=Carry On Wayward Son artist=Kansas
[SCAN] found: Linkin Park - In The End.mp3 -> title=In The End artist=Linkin Park
[SCAN] found: One Dance (feat. WizKid & Kyla) - Drake.mp3 -> title=Drake artist=One Dance (feat. WizKid & Kyla)
[SCAN] found: The Police - Every Breath You Take.mp3 -> title=Every Breath You Take artist=The Police
[SCAN] total tracks: 7
[SHOW] show=0
[SHOW] show=0
[SHOW] show=0
[SHOW] show=0
[SHOW] show=1
[PLAY] playing: C:\Users\hadri\Desktop\Delta\music\JAY-Z, Kanye West - No Church In The Wild (ft. Frank Ocean, The-Dream).mp3
[PLAY] MFPCreateMediaPlayer OK, playing
[SHOW] show=0
[SHOW] show=0
[SHOW] show=0
[SHOW] show=1
[CMD] id=5001 trackCount=7 isPlaying=1
[SHOW] show=0
[SHOW] show=0
[INIT] MusicPlayerInit called
[SCAN] found: Cant Tell Me Nothing.mp3 -> title=Cant Tell Me Nothing artist=Artiste inconnu
[SCAN] found: Dido - Thank You.mp3 -> title=Thank You artist=Dido
[SCAN] found: JAY-Z, Kanye West - No Church In The Wild (ft. Frank Ocean, The-Dream).mp3 -> title=No Church In The Wild (ft. Frank Ocean, The-Dream) artist=JAY-Z, Kanye West
[SCAN] found: Kansas - Carry On Wayward Son.mp3 -> title=Carry On Wayward Son artist=Kansas
[SCAN] found: Linkin Park - In The End.mp3 -> title=In The End artist=Linkin Park
[SCAN] found: One Dance (feat. WizKid & Kyla) - Drake.mp3 -> title=Drake artist=One Dance (feat. WizKid & Kyla)
[SCAN] found: The Police - Every Breath You Take.mp3 -> title=Every Breath You Take artist=The Police
[SCAN] total tracks: 7
[SHOW] show=0
[SHOW] show=0
